<testsuite><testcase classname="test/fixtures/includes/testIncludes" name="testFunction-assertion"></testcase></testsuite>