<testsuite><testcase classname="test/fixtures/testPass" name="undefined"></testcase><testcase classname="test/fixtures/testPass" name="Header Exists"></testcase><testcase classname="test/fixtures/testPass" name="P Tag Exists"></testcase></testsuite>