<testsuite><testcase classname="test/fixtures/testFail" name="undefined"></testcase><testcase classname="test/fixtures/testFail" name="Header Exists"></testcase><testcase classname="test/fixtures/testFail" name="P Tag Exists"></testcase><testcase classname="test/fixtures/testFail" name="Should Fail - Span Tag Does Not Exist"><failure type="assertExists">Found an element matching [33mspan[0m</failure></testcase></testsuite>